main.c:103:6:resetValues	16	static
main.c:121:5:main	8	static
main.c:214:6:SystemClock_Config	88	static
main.c:258:13:MX_TIM2_Init	64	static
main.c:316:13:MX_USART2_UART_Init	8	static
main.c:349:13:MX_GPIO_Init	48	static
main.c:378:6:setVocabularySets	32	static
main.c:396:6:startGame	168	static
main.c:403:6:howToPlay	408	static
main.c:413:6:error1	128	static
main.c:421:6:buttonPushStart	8	static
main.c:429:6:startEasy	96	static
main.c:437:6:startMedium	128	static
main.c:445:6:startHard	120	static
main.c:453:6:error2	136	static
main.c:460:6:startNow	192	static
main.c:472:6:firstTurn	200	dynamic
main.c:509:6:nextTurn	208	dynamic
main.c:545:6:continueTurn	352	dynamic
main.c:679:6:tryAgain	176	static
main.c:705:6:Error_Handler	4	static
