main.c:109:5:main	8	static
main.c:201:6:SystemClock_Config	88	static
main.c:245:13:MX_TIM2_Init	64	static
main.c:303:13:MX_USART2_UART_Init	8	static
main.c:336:13:MX_GPIO_Init	48	static
main.c:365:6:setVocabularySets	32	static
main.c:383:6:startGame	160	static
main.c:390:6:howToPlay	408	static
main.c:400:6:error1	128	static
main.c:408:6:buttonPushStart	8	static
main.c:417:6:startEasy	96	static
main.c:424:6:startMedium	128	static
main.c:431:6:startHard	120	static
main.c:438:6:error2	136	static
main.c:445:6:startNow	192	static
main.c:456:6:firstTurn	200	dynamic
main.c:492:6:nextTurn	208	dynamic
main.c:527:6:continueTurn	296	dynamic
main.c:623:6:Error_Handler	4	static
